2026-03-17 20:56:22,212 INFO django.utils.autoreload Watching for file changes with StatReloader
2026-03-17 20:58:46,178 INFO django.utils.autoreload C:\Users\Alejandro\Desktop\ChatbotAIOllama\chat\views.py changed, reloading.
2026-03-17 20:58:47,771 INFO django.utils.autoreload Watching for file changes with StatReloader
2026-03-17 20:59:00,799 INFO django.utils.autoreload C:\Users\Alejandro\Desktop\ChatbotAIOllama\chat\urls.py changed, reloading.
2026-03-17 20:59:01,779 INFO django.utils.autoreload Watching for file changes with StatReloader
2026-03-17 21:14:17,974 INFO django.utils.autoreload Watching for file changes with StatReloader
2026-03-17 21:16:11,367 INFO django.utils.autoreload Watching for file changes with StatReloader
2026-03-17 21:17:38,776 WARNING django.request Not Found: /.well-known/appspecific/com.chrome.devtools.json
2026-03-17 21:18:27,284 INFO chat.views chat_api session=c1y1ij81mh93iczkb7hqxsdxk6aw6zrs elapsed=96.44s
2026-03-17 21:21:20,046 INFO chat.views chat_api session=c1y1ij81mh93iczkb7hqxsdxk6aw6zrs elapsed=61.44s
2026-03-17 21:25:03,654 INFO django.utils.autoreload C:\Users\Alejandro\Desktop\ChatbotAIOllama\chatbot_project\settings.py changed, reloading.
2026-03-17 21:25:05,233 INFO django.utils.autoreload Watching for file changes with StatReloader
2026-03-17 21:26:38,000 INFO django.utils.autoreload C:\Users\Alejandro\Desktop\ChatbotAIOllama\chat\views.py changed, reloading.
2026-03-17 21:26:39,687 INFO django.utils.autoreload Watching for file changes with StatReloader
2026-03-17 21:29:28,146 INFO django.utils.autoreload C:\Users\Alejandro\Desktop\ChatbotAIOllama\chatbot_project\settings.py changed, reloading.
2026-03-17 21:29:29,275 INFO django.utils.autoreload Watching for file changes with StatReloader
2026-03-17 21:29:38,720 INFO django.utils.autoreload C:\Users\Alejandro\Desktop\ChatbotAIOllama\chat\views.py changed, reloading.
2026-03-17 21:29:39,728 INFO django.utils.autoreload Watching for file changes with StatReloader
2026-03-17 21:42:00,803 INFO django.utils.autoreload C:\Users\Alejandro\Desktop\ChatbotAIOllama\chat\urls.py changed, reloading.
2026-03-17 21:42:02,559 INFO django.utils.autoreload Watching for file changes with StatReloader
2026-03-17 22:11:37,101 INFO django.utils.autoreload Watching for file changes with StatReloader
2026-03-17 22:12:15,462 INFO chat.views chat_api session=c1y1ij81mh93iczkb7hqxsdxk6aw6zrs elapsed=24.76s
2026-03-17 22:12:47,225 INFO chat.views chat_api session=c1y1ij81mh93iczkb7hqxsdxk6aw6zrs elapsed=9.03s
2026-03-17 22:13:50,483 INFO chat.views chat_api session=c1y1ij81mh93iczkb7hqxsdxk6aw6zrs elapsed=41.29s
2026-03-17 22:16:33,496 INFO chat.views chat_api session=c1y1ij81mh93iczkb7hqxsdxk6aw6zrs elapsed=25.82s
2026-03-17 22:18:30,374 WARNING django.request Bad Request: /api/chat/
2026-03-17 22:19:08,248 INFO chat.views chat_api session=c1y1ij81mh93iczkb7hqxsdxk6aw6zrs elapsed=15.19s
2026-03-17 22:20:25,350 INFO chat.views chat_api session=c1y1ij81mh93iczkb7hqxsdxk6aw6zrs elapsed=47.68s
2026-03-17 22:22:59,768 INFO chat.views chat_api session=c1y1ij81mh93iczkb7hqxsdxk6aw6zrs elapsed=116.30s
2026-03-17 22:26:53,966 INFO django.utils.autoreload C:\Users\Alejandro\Desktop\ChatbotAIOllama\chat\services\ollama_service.py changed, reloading.
2026-03-17 22:26:55,594 INFO django.utils.autoreload Watching for file changes with StatReloader
2026-03-17 22:27:31,170 WARNING django.request Not Found: /favicon.ico
2026-03-17 22:27:36,965 INFO chat.views chat_api session=2z2tz5akrniol722px68n5dacs28iz3f elapsed=2.49s
2026-03-17 22:27:45,454 INFO chat.views chat_api session=2z2tz5akrniol722px68n5dacs28iz3f elapsed=2.09s
2026-03-17 22:27:53,938 INFO chat.views chat_api session=2z2tz5akrniol722px68n5dacs28iz3f elapsed=2.16s
2026-03-17 22:28:10,332 INFO chat.views chat_api session=c1y1ij81mh93iczkb7hqxsdxk6aw6zrs elapsed=2.17s
2026-03-17 22:28:17,008 INFO django.utils.autoreload C:\Users\Alejandro\Desktop\ChatbotAIOllama\chat\services\ollama_service.py changed, reloading.
2026-03-17 22:28:17,987 INFO django.utils.autoreload Watching for file changes with StatReloader
2026-03-17 22:30:16,658 INFO django.utils.autoreload C:\Users\Alejandro\Desktop\ChatbotAIOllama\chat\services\ollama_service.py changed, reloading.
2026-03-17 22:30:17,783 INFO django.utils.autoreload Watching for file changes with StatReloader
2026-03-17 22:31:23,457 INFO chat.views chat_api session=2z2tz5akrniol722px68n5dacs28iz3f elapsed=50.99s
2026-03-17 22:35:43,037 INFO chat.views chat_api session=2z2tz5akrniol722px68n5dacs28iz3f elapsed=10.55s
2026-03-17 22:36:03,498 INFO django.utils.autoreload C:\Users\Alejandro\Desktop\ChatbotAIOllama\chat\services\ollama_service.py changed, reloading.
2026-03-17 22:36:04,677 INFO django.utils.autoreload Watching for file changes with StatReloader
2026-03-17 22:36:39,251 INFO chat.views chat_api session=c1y1ij81mh93iczkb7hqxsdxk6aw6zrs elapsed=12.97s
2026-03-17 22:36:57,680 INFO django.utils.autoreload C:\Users\Alejandro\Desktop\ChatbotAIOllama\chat\services\ollama_service.py changed, reloading.
2026-03-17 22:36:58,789 INFO django.utils.autoreload Watching for file changes with StatReloader
2026-03-17 22:37:45,767 INFO chat.views chat_api session=c1y1ij81mh93iczkb7hqxsdxk6aw6zrs elapsed=34.28s
2026-03-17 22:38:39,949 INFO chat.views chat_api session=2z2tz5akrniol722px68n5dacs28iz3f elapsed=32.25s
2026-03-17 23:07:59,801 INFO chat.views chat_api session=2z2tz5akrniol722px68n5dacs28iz3f elapsed=87.47s
2026-03-17 23:17:34,603 INFO chat.views chat_api session=2z2tz5akrniol722px68n5dacs28iz3f elapsed=59.08s
